
Discarded input sections

 .text          0x0000000000000000        0x0 build/obj/crt0.o
 .data          0x0000000000000000        0x0 build/obj/crt0.o
 .bss           0x0000000000000000        0x0 build/obj/crt0.o
 .text.__early_init
                0x0000000000000000       0x10 build/obj/crt0.o
 .text          0x0000000000000000        0x0 build/obj/vectors.o
 .data          0x0000000000000000        0x0 build/obj/vectors.o
 .bss           0x0000000000000000        0x0 build/obj/vectors.o
 .text          0x0000000000000000        0x0 build/obj/chcore.o
 .data          0x0000000000000000        0x0 build/obj/chcore.o
 .bss           0x0000000000000000        0x0 build/obj/chcore.o
 .text          0x0000000000000000        0x0 build/obj/chcore_v7m.o
 .data          0x0000000000000000        0x0 build/obj/chcore_v7m.o
 .bss           0x0000000000000000        0x0 build/obj/chcore_v7m.o
 .text          0x0000000000000000        0x0 build/obj/nvic.o
 .data          0x0000000000000000        0x0 build/obj/nvic.o
 .bss           0x0000000000000000        0x0 build/obj/nvic.o
 .text.nvicDisableVector
                0x0000000000000000       0x40 build/obj/nvic.o
 .text          0x0000000000000000        0x0 build/obj/chsys.o
 .data          0x0000000000000000        0x0 build/obj/chsys.o
 .bss           0x0000000000000000        0x0 build/obj/chsys.o
 .text          0x0000000000000000        0x0 build/obj/chdebug.o
 .data          0x0000000000000000        0x0 build/obj/chdebug.o
 .bss           0x0000000000000000        0x0 build/obj/chdebug.o
 .debug_info    0x0000000000000000       0x79 build/obj/chdebug.o
 .debug_abbrev  0x0000000000000000       0x26 build/obj/chdebug.o
 .debug_aranges
                0x0000000000000000       0x18 build/obj/chdebug.o
 .debug_line    0x0000000000000000       0x1d build/obj/chdebug.o
 .debug_str     0x0000000000000000       0xf3 build/obj/chdebug.o
 .comment       0x0000000000000000       0x12 build/obj/chdebug.o
 .ARM.attributes
                0x0000000000000000       0x33 build/obj/chdebug.o
 .text          0x0000000000000000        0x0 build/obj/chlists.o
 .data          0x0000000000000000        0x0 build/obj/chlists.o
 .bss           0x0000000000000000        0x0 build/obj/chlists.o
 .debug_info    0x0000000000000000       0x79 build/obj/chlists.o
 .debug_abbrev  0x0000000000000000       0x26 build/obj/chlists.o
 .debug_aranges
                0x0000000000000000       0x18 build/obj/chlists.o
 .debug_line    0x0000000000000000       0x1d build/obj/chlists.o
 .debug_str     0x0000000000000000       0xf3 build/obj/chlists.o
 .comment       0x0000000000000000       0x12 build/obj/chlists.o
 .ARM.attributes
                0x0000000000000000       0x33 build/obj/chlists.o
 .text          0x0000000000000000        0x0 build/obj/chvt.o
 .data          0x0000000000000000        0x0 build/obj/chvt.o
 .bss           0x0000000000000000        0x0 build/obj/chvt.o
 .text.chTimeIsWithin
                0x0000000000000000       0x40 build/obj/chvt.o
 .text          0x0000000000000000        0x0 build/obj/chschd.o
 .data          0x0000000000000000        0x0 build/obj/chschd.o
 .bss           0x0000000000000000        0x0 build/obj/chschd.o
 .text          0x0000000000000000        0x0 build/obj/chthreads.o
 .data          0x0000000000000000        0x0 build/obj/chthreads.o
 .bss           0x0000000000000000        0x0 build/obj/chthreads.o
 .text.chThdResume
                0x0000000000000000       0x20 build/obj/chthreads.o
 .text.chThdTerminate
                0x0000000000000000       0x20 build/obj/chthreads.o
 .text.chThdSleepUntil
                0x0000000000000000       0x30 build/obj/chthreads.o
 .text.chThdYield
                0x0000000000000000       0x30 build/obj/chthreads.o
 .text.chThdWait
                0x0000000000000000       0x40 build/obj/chthreads.o
 .text          0x0000000000000000        0x0 build/obj/chdynamic.o
 .data          0x0000000000000000        0x0 build/obj/chdynamic.o
 .bss           0x0000000000000000        0x0 build/obj/chdynamic.o
 .text.chThdAddRef
                0x0000000000000000       0x20 build/obj/chdynamic.o
 .text.chThdRelease
                0x0000000000000000       0x50 build/obj/chdynamic.o
 .text.chThdCreateFromHeap
                0x0000000000000000       0x40 build/obj/chdynamic.o
 .text.chThdCreateFromMemoryPool
                0x0000000000000000       0x50 build/obj/chdynamic.o
 .debug_info    0x0000000000000000      0x8fb build/obj/chdynamic.o
 .debug_abbrev  0x0000000000000000      0x241 build/obj/chdynamic.o
 .debug_loc     0x0000000000000000      0x2fa build/obj/chdynamic.o
 .debug_aranges
                0x0000000000000000       0x38 build/obj/chdynamic.o
 .debug_ranges  0x0000000000000000       0x58 build/obj/chdynamic.o
 .debug_line    0x0000000000000000      0x264 build/obj/chdynamic.o
 .debug_str     0x0000000000000000      0x3c6 build/obj/chdynamic.o
[...]
Memory Configuration

Name             Origin             Length             Attributes
flash            0x0000000008000000 0x0000000000060000
ram              0x0000000020000000 0x000000000000c000
*default*        0x0000000000000000 0xffffffffffffffff

Linker script and memory map

LOAD build/obj/crt0.o
LOAD build/obj/vectors.o
LOAD build/obj/chcore.o
LOAD build/obj/chcore_v7m.o
LOAD build/obj/nvic.o
LOAD build/obj/chsys.o
LOAD build/obj/chdebug.o
LOAD build/obj/chlists.o
LOAD build/obj/chvt.o
LOAD build/obj/chschd.o
LOAD build/obj/chthreads.o
LOAD build/obj/chdynamic.o
LOAD build/obj/chregistry.o
LOAD build/obj/chsem.o
LOAD build/obj/chmtx.o
LOAD build/obj/chcond.o
LOAD build/obj/chevents.o
LOAD build/obj/chmsg.o
LOAD build/obj/chmboxes.o
LOAD build/obj/chqueues.o
LOAD build/obj/chmemcore.o
LOAD build/obj/chheap.o
LOAD build/obj/chmempools.o
LOAD build/obj/hal.o
LOAD build/obj/adc.o
LOAD build/obj/can.o
LOAD build/obj/ext.o
LOAD build/obj/gpt.o
LOAD build/obj/i2c.o
LOAD build/obj/icu.o
LOAD build/obj/mac.o
LOAD build/obj/mmc_spi.o
LOAD build/obj/mmcsd.o
LOAD build/obj/pal.o
LOAD build/obj/pwm.o
LOAD build/obj/rtc.o
LOAD build/obj/sdc.o
LOAD build/obj/serial.o
LOAD build/obj/serial_usb.o
LOAD build/obj/spi.o
LOAD build/obj/tm.o
LOAD build/obj/uart.o
LOAD build/obj/usb.o
LOAD build/obj/stm32_dma.o
LOAD build/obj/hal_lld.o
LOAD build/obj/adc_lld.o
LOAD build/obj/ext_lld_isr.o
LOAD build/obj/ext_lld.o
LOAD build/obj/gpt_lld.o
LOAD build/obj/icu_lld.o
LOAD build/obj/pwm_lld.o
LOAD build/obj/pal_lld.o
LOAD build/obj/i2c_lld.o
LOAD build/obj/spi_lld.o
LOAD build/obj/serial_lld.o
LOAD build/obj/uart_lld.o
LOAD build/obj/usb_lld.o
LOAD build/obj/board.o
LOAD build/obj/uart_iface.o
LOAD build/obj/spi_flash.o
LOAD build/obj/encoder.o
LOAD build/obj/dct.o
LOAD build/obj/jpegenc.o
LOAD build/obj/camera_iface.o
LOAD build/obj/chprintf.o
LOAD build/obj/main.o
START GROUP
LOAD /home/mitchd/Documents/FOX-1/amsat-fox/x86_64-toolchain/arm/bin/../lib/gcc/arm-none-eabi/4.7.2/thumb/libgcc.a
LOAD /home/mitchd/Documents/FOX-1/amsat-fox/x86_64-toolchain/arm/bin/../lib/gcc/arm-none-eabi/4.7.2/../../../../arm-none-eabi/lib/thumb/libc.a
END GROUP
                0x0000000000000400                __main_stack_size__ = 0x400
                0x0000000000000400                __process_stack_size__ = 0x400
                0x0000000020000000                __ram_start__ = ORIGIN (ram)
                0x000000000000c000                __ram_size__ = 0xc000
                0x000000002000c000                __ram_end__ = (__ram_start__ + __ram_size__)
                0x0000000000000000                . = 0x0
                0x0000000000000000                _text = .

startup         0x0000000008000000       0xf4
 *(vectors)
 vectors        0x0000000008000000       0xf4 build/obj/vectors.o
                0x0000000008000000                _vectors

constructors    0x00000000080000f4        0x0
                0x00000000080000f4                PROVIDE (__init_array_start, .)
 *(SORT(.init_array.*))
 *(.init_array)
                0x00000000080000f4                PROVIDE (__init_array_end, .)

destructors     0x00000000080000f4        0x0
                0x00000000080000f4                PROVIDE (__fini_array_start, .)
 *(.fini_array)
 *(SORT(.fini_array.*))
                0x00000000080000f4                PROVIDE (__fini_array_end, .)

.text           0x0000000008000100     0x2014
 *(.text.startup.*)
 .text.startup.main
                0x0000000008000100       0x90 build/obj/main.o
                0x0000000008000100                main
 *(.text)
 *(.text.*)
 .text.__late_init
                0x0000000008000190       0x10 build/obj/crt0.o
                0x0000000008000190                __late_init
 .text._default_exit
                0x00000000080001a0       0x10 build/obj/crt0.o
                0x00000000080001a0                _default_exit
 .text.ResetHandler
                0x00000000080001b0      0x120 build/obj/crt0.o
                0x00000000080001b0                ResetHandler
 .text._unhandled_exception
                0x00000000080002d0       0x10 build/obj/vectors.o
                0x00000000080002d0                Vector58
                0x00000000080002d0                VectorE8
                0x00000000080002d0                Vector9C
                0x00000000080002d0                VectorAC
                0x00000000080002d0                Vector5C
                0x00000000080002d0                NMIVector
                0x00000000080002d0                Vector8C
                0x00000000080002d0                VectorC8
                0x00000000080002d0                Vector94
                0x00000000080002d0                VectorA8
                0x00000000080002d0                VectorEC
                0x00000000080002d0                UsageFaultVector
                0x00000000080002d0                DebugMonitorVector
                0x00000000080002d0                Vector40
                0x00000000080002d0                VectorBC
                0x00000000080002d0                PendSVVector
                0x00000000080002d0                Vector64
                0x00000000080002d0                VectorCC
                0x00000000080002d0                Vector54
                0x00000000080002d0                Vector98
                0x00000000080002d0                VectorD8
                0x00000000080002d0                Vector24
                0x00000000080002d0                BusFaultVector
                0x00000000080002d0                VectorD0
                0x00000000080002d0                VectorE4
                0x00000000080002d0                VectorC0
                0x00000000080002d0                HardFaultVector
                0x00000000080002d0                VectorF0
                0x00000000080002d0                VectorE0
                0x00000000080002d0                MemManageVector
                0x00000000080002d0                VectorA0
                0x00000000080002d0                VectorC4
                0x00000000080002d0                VectorB0
                0x00000000080002d0                Vector90
                0x00000000080002d0                Vector60
                0x00000000080002d0                Vector1C
                0x00000000080002d0                Vector48
                0x00000000080002d0                Vector4C
                0x00000000080002d0                Vector68
                0x00000000080002d0                _unhandled_exception
                0x00000000080002d0                Vector88
                0x00000000080002d0                Vector50
                0x00000000080002d0                Vector44
                0x00000000080002d0                Vector28
                0x00000000080002d0                VectorB8
                0x00000000080002d0                Vector34
                0x00000000080002d0                VectorA4
                0x00000000080002d0                Vector20
 .text.port_halt
                0x00000000080002e0       0x10 build/obj/chcore.o
                0x00000000080002e0                port_halt
 .text._port_switch_from_isr
                0x00000000080002f0       0x10 build/obj/chcore_v7m.o
                0x00000000080002f0                _port_switch_from_isr
 .text.SVCallVector
                0x0000000008000300       0x20 build/obj/chcore_v7m.o
                0x0000000008000300                SVCallVector
 .text._port_init
                0x0000000008000320       0x40 build/obj/chcore_v7m.o
                0x0000000008000320                _port_init
 .text._port_irq_epilogue
                0x0000000008000360       0x70 build/obj/chcore_v7m.o
                0x0000000008000360                _port_irq_epilogue
 .text.SysTickVector
                0x00000000080003d0       0x20 build/obj/chcore_v7m.o
                0x00000000080003d0                SysTickVector
 .text._port_switch
                0x00000000080003f0       0x10 build/obj/chcore_v7m.o
                0x00000000080003f0                _port_switch
 .text._port_thread_start
                0x0000000008000400       0x10 build/obj/chcore_v7m.o
                0x0000000008000400                _port_thread_start
 .text.nvicEnableVector
                0x0000000008000410       0x50 build/obj/nvic.o
                0x0000000008000410                nvicEnableVector
 .text.nvicSetSystemHandlerPriority
                0x0000000008000460       0x30 build/obj/nvic.o
                0x0000000008000460                nvicSetSystemHandlerPriority
 .text._idle_thread
                0x0000000008000490       0x20 build/obj/chsys.o
                0x0000000008000490                _idle_thread
 .text.chSysInit
                0x00000000080004b0       0x70 build/obj/chsys.o
                0x00000000080004b0                chSysInit
 .text.chSysTimerHandlerI
                0x0000000008000520       0x60 build/obj/chsys.o
                0x0000000008000520                chSysTimerHandlerI
 .text._vt_init
                0x0000000008000580       0x20 build/obj/chvt.o
                0x0000000008000580                _vt_init
 .text.chVTSetI
                0x00000000080005a0       0x40 build/obj/chvt.o
                0x00000000080005a0                chVTSetI
 .text.chVTResetI
                0x00000000080005e0       0x30 build/obj/chvt.o
                0x00000000080005e0                chVTResetI
 .text.wakeup   0x0000000008000610       0x60 build/obj/chschd.o
 .text._scheduler_init
                0x0000000008000670       0x20 build/obj/chschd.o
                0x0000000008000670                _scheduler_init
 .text.chSchReadyI
                0x0000000008000690       0x20 build/obj/chschd.o
                0x0000000008000690                chSchReadyI
 .text.chSchGoSleepS
                0x00000000080006b0       0x30 build/obj/chschd.o
                0x00000000080006b0                chSchGoSleepS
 .text.chSchGoSleepTimeoutS
                0x00000000080006e0       0x40 build/obj/chschd.o
                0x00000000080006e0                chSchGoSleepTimeoutS
 .text.chSchWakeupS
                0x0000000008000720       0x60 build/obj/chschd.o
                0x0000000008000720                chSchWakeupS
 .text.chSchDoRescheduleBehind
                0x0000000008000780       0x40 build/obj/chschd.o
                0x0000000008000780                chSchDoRescheduleBehind
 .text.chSchDoRescheduleAhead
                0x00000000080007c0       0x40 build/obj/chschd.o
                0x00000000080007c0                chSchDoRescheduleAhead
 .text.chSchRescheduleS
                0x0000000008000800       0x20 build/obj/chschd.o
                0x0000000008000800                chSchRescheduleS
 .text.chSchDoReschedule
                0x0000000008000820       0x20 build/obj/chschd.o
                0x0000000008000820                chSchDoReschedule
 .text._thread_init
                0x0000000008000840       0x50 build/obj/chthreads.o
                0x0000000008000840                _thread_init
 .text.chThdCreateI
                0x0000000008000890       0x70 build/obj/chthreads.o
                0x0000000008000890                chThdCreateI
 .text.chThdCreateStatic
                0x0000000008000900       0x30 build/obj/chthreads.o
                0x0000000008000900                chThdCreateStatic
 .text.chThdSetPriority
                0x0000000008000930       0x30 build/obj/chthreads.o
                0x0000000008000930                chThdSetPriority
 .text.chThdSleep
                0x0000000008000960       0x20 build/obj/chthreads.o
                0x0000000008000960                chThdSleep
 .text.chThdExitS
                0x0000000008000980       0x40 build/obj/chthreads.o
                0x0000000008000980                chThdExitS
 .text.chThdExit
                0x00000000080009c0       0x10 build/obj/chthreads.o
                0x00000000080009c0                chThdExit
 .text.chMtxInit
                0x00000000080009d0       0x10 build/obj/chmtx.o
                0x00000000080009d0                chMtxInit
 .text.chMtxLockS
                0x00000000080009e0       0xd0 build/obj/chmtx.o
                0x00000000080009e0                chMtxLockS
 .text.chMtxLock
                0x0000000008000ab0       0x20 build/obj/chmtx.o
                0x0000000008000ab0                chMtxLock
 .text.chMtxUnlock
                0x0000000008000ad0       0x60 build/obj/chmtx.o
                0x0000000008000ad0                chMtxUnlock
 .text.chEvtSignalI
                0x0000000008000b30       0x30 build/obj/chevents.o
                0x0000000008000b30                chEvtSignalI
 .text.chEvtBroadcastFlagsI
                0x0000000008000b60       0x30 build/obj/chevents.o
                0x0000000008000b60                chEvtBroadcastFlagsI
 .text.qwait    0x0000000008000b90       0x30 build/obj/chqueues.o
 .text.chIQInit
                0x0000000008000bc0       0x20 build/obj/chqueues.o
                0x0000000008000bc0                chIQInit
 .text.chIQPutI
                0x0000000008000be0       0x50 build/obj/chqueues.o
                0x0000000008000be0                chIQPutI
 .text.chIQGetTimeout
                0x0000000008000c30       0x50 build/obj/chqueues.o
                0x0000000008000c30                chIQGetTimeout
 .text.chIQReadTimeout
                0x0000000008000c80       0x80 build/obj/chqueues.o
                0x0000000008000c80                chIQReadTimeout
 .text.chOQInit
                0x0000000008000d00       0x20 build/obj/chqueues.o
                0x0000000008000d00                chOQInit
 .text.chOQPutTimeout
                0x0000000008000d20       0x50 build/obj/chqueues.o
                0x0000000008000d20                chOQPutTimeout
 .text.chOQGetI
                0x0000000008000d70       0x50 build/obj/chqueues.o
                0x0000000008000d70                chOQGetI
 .text.chOQWriteTimeout
                0x0000000008000dc0       0x80 build/obj/chqueues.o
                0x0000000008000dc0                chOQWriteTimeout
 .text._core_init
                0x0000000008000e40       0x30 build/obj/chmemcore.o
                0x0000000008000e40                _core_init
 .text.chCoreAlloc
                0x0000000008000e70       0x40 build/obj/chmemcore.o
                0x0000000008000e70                chCoreAlloc
 .text._heap_init
                0x0000000008000eb0       0x20 build/obj/chheap.o
                0x0000000008000eb0                _heap_init
 .text.halInit  0x0000000008000ed0       0x30 build/obj/hal.o
                0x0000000008000ed0                halInit
 .text.gptInit  0x0000000008000f00       0x10 build/obj/gpt.o
                0x0000000008000f00                gptInit
 .text.gptObjectInit
                0x0000000008000f10       0x10 build/obj/gpt.o
                0x0000000008000f10                gptObjectInit
 .text.readt    0x0000000008000f20       0x10 build/obj/serial.o
 .text.read     0x0000000008000f30       0x10 build/obj/serial.o
 .text.writet   0x0000000008000f40       0x10 build/obj/serial.o
 .text.write    0x0000000008000f50       0x10 build/obj/serial.o
 .text.gett     0x0000000008000f60       0x10 build/obj/serial.o
 .text.get      0x0000000008000f70       0x10 build/obj/serial.o
 .text.putt     0x0000000008000f80       0x10 build/obj/serial.o
 .text.put      0x0000000008000f90       0x10 build/obj/serial.o
 .text.sdInit   0x0000000008000fa0       0x10 build/obj/serial.o
                0x0000000008000fa0                sdInit
 .text.sdObjectInit
                0x0000000008000fb0       0x50 build/obj/serial.o
                0x0000000008000fb0                sdObjectInit
 .text.sdStart  0x0000000008001000       0x20 build/obj/serial.o
                0x0000000008001000                sdStart
 .text.sdIncomingDataI
                0x0000000008001020       0x40 build/obj/serial.o
                0x0000000008001020                sdIncomingDataI
 .text.spiInit  0x0000000008001060       0x10 build/obj/spi.o
                0x0000000008001060                spiInit
 .text.spiObjectInit
                0x0000000008001070       0x10 build/obj/spi.o
                0x0000000008001070                spiObjectInit
 .text.spiStart
                0x0000000008001080       0x20 build/obj/spi.o
                0x0000000008001080                spiStart
 .text.spiSelect
                0x00000000080010a0       0x20 build/obj/spi.o
                0x00000000080010a0                spiSelect
 .text.spiUnselect
                0x00000000080010c0       0x20 build/obj/spi.o
                0x00000000080010c0                spiUnselect
 .text.spiSend  0x00000000080010e0       0x30 build/obj/spi.o
                0x00000000080010e0                spiSend
 .text.spiAcquireBus
                0x0000000008001110       0x10 build/obj/spi.o
                0x0000000008001110                spiAcquireBus
 .text.spiReleaseBus
                0x0000000008001120       0x10 build/obj/spi.o
                0x0000000008001120                spiReleaseBus
 .text.tm_start
                0x0000000008001130       0x10 build/obj/tm.o
 .text.tm_stop  0x0000000008001140       0x30 build/obj/tm.o
 .text.tmInit   0x0000000008001170       0x50 build/obj/tm.o
                0x0000000008001170                tmInit
 .text.Vector6C
                0x00000000080011c0       0x30 build/obj/stm32_dma.o
                0x00000000080011c0                Vector6C
 .text.Vector70
                0x00000000080011f0       0x30 build/obj/stm32_dma.o
                0x00000000080011f0                Vector70
 .text.Vector74
                0x0000000008001220       0x30 build/obj/stm32_dma.o
                0x0000000008001220                Vector74
 .text.Vector78
                0x0000000008001250       0x30 build/obj/stm32_dma.o
                0x0000000008001250                Vector78
 .text.Vector7C
                0x0000000008001280       0x30 build/obj/stm32_dma.o
                0x0000000008001280                Vector7C
 .text.Vector80
                0x00000000080012b0       0x30 build/obj/stm32_dma.o
                0x00000000080012b0                Vector80
 .text.Vector84
                0x00000000080012e0       0x30 build/obj/stm32_dma.o
                0x00000000080012e0                Vector84
 .text.dmaInit  0x0000000008001310       0x40 build/obj/stm32_dma.o
                0x0000000008001310                dmaInit
 .text.dmaStreamAllocate
                0x0000000008001350       0x80 build/obj/stm32_dma.o
                0x0000000008001350                dmaStreamAllocate
 .text.hal_lld_init
                0x00000000080013d0       0xa0 build/obj/hal_lld.o
                0x00000000080013d0                hal_lld_init
 .text.stm32_clock_init
                0x0000000008001470       0x10 build/obj/hal_lld.o
                0x0000000008001470                stm32_clock_init
 .text.VectorB4
                0x0000000008001480       0x30 build/obj/gpt_lld.o
                0x0000000008001480                VectorB4
 .text.gpt_lld_init
                0x00000000080014b0       0x20 build/obj/gpt_lld.o
                0x00000000080014b0                gpt_lld_init
 .text._pal_lld_init
                0x00000000080014d0      0x110 build/obj/pal_lld.o
                0x00000000080014d0                _pal_lld_init
 .text._pal_lld_setgroupmode
                0x00000000080015e0       0xc0 build/obj/pal_lld.o
                0x00000000080015e0                _pal_lld_setgroupmode
 .text.spi_lld_serve_tx_interrupt
                0x00000000080016a0       0x10 build/obj/spi_lld.o
 .text.spi_lld_serve_rx_interrupt
                0x00000000080016b0       0x70 build/obj/spi_lld.o
 .text.spi_lld_init
                0x0000000008001720       0x50 build/obj/spi_lld.o
                0x0000000008001720                spi_lld_init
 .text.spi_lld_start
                0x0000000008001770       0xb0 build/obj/spi_lld.o
                0x0000000008001770                spi_lld_start
 .text.spi_lld_select
                0x0000000008001820       0x20 build/obj/spi_lld.o
                0x0000000008001820                spi_lld_select
 .text.spi_lld_unselect
                0x0000000008001840       0x20 build/obj/spi_lld.o
                0x0000000008001840                spi_lld_unselect
 .text.spi_lld_send
                0x0000000008001860       0x40 build/obj/spi_lld.o
                0x0000000008001860                spi_lld_send
 .text.notify1  0x00000000080018a0       0x20 build/obj/serial_lld.o
 .text.notify3  0x00000000080018c0       0x20 build/obj/serial_lld.o
 .text.serve_interrupt
                0x00000000080018e0      0x130 build/obj/serial_lld.o
 .text.VectorD4
                0x0000000008001a10       0x20 build/obj/serial_lld.o
                0x0000000008001a10                VectorD4
 .text.VectorDC
                0x0000000008001a30       0x20 build/obj/serial_lld.o
                0x0000000008001a30                VectorDC
 .text.sd_lld_init
                0x0000000008001a50       0x50 build/obj/serial_lld.o
                0x0000000008001a50                sd_lld_init
 .text.sd_lld_start
                0x0000000008001aa0       0xa0 build/obj/serial_lld.o
                0x0000000008001aa0                sd_lld_start
 .text.__early_init
                0x0000000008001b40       0x10 build/obj/board.o
                0x0000000008001b40                __early_init
 .text.boardInit
                0x0000000008001b50       0x10 build/obj/board.o
                0x0000000008001b50                boardInit
 .text.flashSleep
                0x0000000008001b60       0x30 build/obj/spi_flash.o
 .text.configureSPIFlash
                0x0000000008001b90       0xc0 build/obj/spi_flash.o
                0x0000000008001b90                configureSPIFlash
 .text.long_to_string_with_divisor.constprop.0
                0x0000000008001c50       0x50 build/obj/chprintf.o
 .text.chprintf
                0x0000000008001ca0      0x2d0 build/obj/chprintf.o
                0x0000000008001ca0                chprintf
 *(.rodata)
 *(.rodata.*)
 .rodata.str1.4
                0x0000000008001f70        0x5 build/obj/chsys.o
                                          0x8 (size before relaxing)
 *fill*         0x0000000008001f75        0xb 
 .rodata.ch_debug
                0x0000000008001f80       0x18 build/obj/chregistry.o
                0x0000000008001f80                ch_debug
 *fill*         0x0000000008001f98        0x8 
 .rodata.vmt    0x0000000008001fa0       0x20 build/obj/serial.o
 .rodata._stm32_dma_streams
                0x0000000008001fc0       0x54 build/obj/stm32_dma.o
                0x0000000008001fc0                _stm32_dma_streams
 *fill*         0x0000000008002014        0xc 
 .rodata.default_config
                0x0000000008002020        0xc build/obj/serial_lld.o
 *fill*         0x000000000800202c        0x4 
 .rodata.pal_default_config
                0x0000000008002030       0xa8 build/obj/board.o
                0x0000000008002030                pal_default_config
 *fill*         0x00000000080020d8        0x8 
 .rodata.spi1cfg
                0x00000000080020e0        0xc build/obj/spi_flash.o
 *fill*         0x00000000080020ec        0x4 
 .rodata.str1.4
                0x00000000080020f0        0x7 build/obj/chprintf.o
                                          0x8 (size before relaxing)
 *fill*         0x00000000080020f7        0x9 
 .rodata.str1.4
                0x0000000008002100       0x14 build/obj/main.o
 *(.glue_7t)
 .glue_7t       0x0000000000000000        0x0 linker stubs
 *(.glue_7)
 .glue_7        0x0000000000000000        0x0 linker stubs
 *(.gcc*)

.vfp11_veneer   0x0000000008002114        0x0
 .vfp11_veneer  0x0000000000000000        0x0 linker stubs

.v4_bx          0x0000000008002114        0x0
 .v4_bx         0x0000000000000000        0x0 linker stubs

.iplt           0x0000000008002114        0x0
 .iplt          0x0000000000000000        0x0 build/obj/crt0.o

.rel.dyn        0x0000000008002114        0x0
 .rel.iplt      0x0000000000000000        0x0 build/obj/crt0.o

.ARM.extab
 *(.ARM.extab* .gnu.linkonce.armextab.*)

.ARM.exidx      0x0000000008002114        0x0
                0x0000000008002114                PROVIDE (__exidx_start, .)
 *(.ARM.exidx* .gnu.linkonce.armexidx.*)
                0x0000000008002114                PROVIDE (__exidx_end, .)

.eh_frame_hdr
 *(.eh_frame_hdr)

.eh_frame
 *(.eh_frame)

.textalign      0x0000000008002114        0x4
                0x0000000008002118                . = ALIGN (0x8)
 *fill*         0x0000000008002114        0x4 
                0x0000000008002118                _etext = .
                0x0000000008002118                _textdata = _etext

.stacks         0x0000000020000000      0x800
                0x0000000020000000                . = ALIGN (0x8)
                0x0000000020000000                __main_stack_base__ = .
                0x0000000020000400                . = (. + __main_stack_size__)
 *fill*         0x0000000020000000      0x400 
                0x0000000020000400                . = ALIGN (0x8)
                0x0000000020000400                __main_stack_end__ = .
                0x0000000020000400                __process_stack_base__ = .
                0x0000000020000400                __main_thread_stack_base__ = .
                0x0000000020000800                . = (. + __process_stack_size__)
 *fill*         0x0000000020000400      0x400 
                0x0000000020000800                . = ALIGN (0x8)
                0x0000000020000800                __process_stack_end__ = .
                0x0000000020000800                __main_thread_stack_end__ = .

.data           0x0000000020000800        0x0 load address 0x0000000008002118
                0x0000000020000800                . = ALIGN (0x4)
                0x0000000020000800                PROVIDE (_data, .)
 *(.data)
                0x0000000020000800                . = ALIGN (0x4)
 *(.data.*)
                0x0000000020000800                . = ALIGN (0x4)
 *(.ramtext)
                0x0000000020000800                . = ALIGN (0x4)
                0x0000000020000800                PROVIDE (_edata, .)

.igot.plt       0x0000000020000800        0x0 load address 0x0000000008002118
 .igot.plt      0x0000000000000000        0x0 build/obj/crt0.o

.bss            0x0000000020000800      0x398 load address 0x0000000008002118
                0x0000000020000800                . = ALIGN (0x4)
                0x0000000020000800                PROVIDE (_bss_start, .)
 *(.bss)
                0x0000000020000800                . = ALIGN (0x4)
 *(.bss.*)
 .bss.mainthread.4772
                0x0000000020000800       0x48 build/obj/chsys.o
 .bss._idle_thread_wa
                0x0000000020000848       0xc0 build/obj/chsys.o
                0x0000000020000848                _idle_thread_wa
 .bss.vtlist    0x0000000020000908       0x10 build/obj/chvt.o
                0x0000000020000908                vtlist
 .bss.rlist     0x0000000020000918       0x1c build/obj/chschd.o
                0x0000000020000918                rlist
 .bss.endmem    0x0000000020000934        0x4 build/obj/chmemcore.o
 .bss.nextmem   0x0000000020000938        0x4 build/obj/chmemcore.o
 *fill*         0x000000002000093c        0x4 
 .bss.default_heap
                0x0000000020000940       0x20 build/obj/chheap.o
 .bss.measurement_offset
                0x0000000020000960        0x4 build/obj/tm.o
 .bss.dma_isr_redir
                0x0000000020000964       0x38 build/obj/stm32_dma.o
 .bss.dma_streams_mask
                0x000000002000099c        0x4 build/obj/stm32_dma.o
 .bss.GPTD3     0x00000000200009a0       0x10 build/obj/gpt_lld.o
                0x00000000200009a0                GPTD3
 .bss.dummytx   0x00000000200009b0        0x2 build/obj/spi_lld.o
 *fill*         0x00000000200009b2        0x2 
 .bss.SPID1     0x00000000200009b4       0x30 build/obj/spi_lld.o
                0x00000000200009b4                SPID1
 .bss.dummyrx   0x00000000200009e4        0x2 build/obj/spi_lld.o
 *fill*         0x00000000200009e6        0x2 
 .bss.SD1       0x00000000200009e8       0xd8 build/obj/serial_lld.o
                0x00000000200009e8                SD1
 .bss.SD3       0x0000000020000ac0       0xd8 build/obj/serial_lld.o
                0x0000000020000ac0                SD3
                0x0000000020000b98                . = ALIGN (0x4)
 *(COMMON)
                0x0000000020000b98                . = ALIGN (0x4)
                0x0000000020000b98                PROVIDE (_bss_end, .)
                0x0000000020000b98                PROVIDE (end, .)
                0x0000000020000b98                _end = .
                0x0000000020000b98                __heap_base__ = _end
                0x000000002000c000                __heap_end__ = __ram_end__
OUTPUT(build/ch.elf elf32-littlearm)

.debug_info     0x0000000000000000     0xf6b3
 .debug_info    0x0000000000000000      0x2a8 build/obj/crt0.o
 .debug_info    0x00000000000002a8      0x1ef build/obj/vectors.o
 .debug_info    0x0000000000000497       0x9a build/obj/chcore.o
 .debug_info    0x0000000000000531      0x89c build/obj/chcore_v7m.o
 .debug_info    0x0000000000000dcd      0x455 build/obj/nvic.o
 .debug_info    0x0000000000001222      0x8a8 build/obj/chsys.o
 .debug_info    0x0000000000001aca      0x26f build/obj/chvt.o
 .debug_info    0x0000000000001d39      0x9e7 build/obj/chschd.o
 .debug_info    0x0000000000002720      0xc42 build/obj/chthreads.o
 .debug_info    0x0000000000003362      0x684 build/obj/chregistry.o
 .debug_info    0x00000000000039e6      0xa47 build/obj/chmtx.o
 .debug_info    0x000000000000442d      0xe32 build/obj/chevents.o
 .debug_info    0x000000000000525f      0xc7d build/obj/chqueues.o
 .debug_info    0x0000000000005edc      0x22f build/obj/chmemcore.o
 .debug_info    0x000000000000610b      0x739 build/obj/chheap.o
 .debug_info    0x0000000000006844      0x3da build/obj/hal.o
 .debug_info    0x0000000000006c1e      0x877 build/obj/gpt.o
 .debug_info    0x0000000000007495     0x10c1 build/obj/serial.o
 .debug_info    0x0000000000008556     0x11e9 build/obj/spi.o
 .debug_info    0x000000000000973f      0x2f2 build/obj/tm.o
 .debug_info    0x0000000000009a31      0x764 build/obj/stm32_dma.o
 .debug_info    0x000000000000a195      0x370 build/obj/hal_lld.o
 .debug_info    0x000000000000a505      0x892 build/obj/gpt_lld.o
 .debug_info    0x000000000000ad97      0x5a8 build/obj/pal_lld.o
 .debug_info    0x000000000000b33f      0xdb5 build/obj/spi_lld.o
 .debug_info    0x000000000000c0f4     0x1153 build/obj/serial_lld.o
 .debug_info    0x000000000000d247      0x1e8 build/obj/board.o
 .debug_info    0x000000000000d42f     0x1165 build/obj/spi_flash.o
 .debug_info    0x000000000000e594      0x4b4 build/obj/chprintf.o
 .debug_info    0x000000000000ea48      0xc6b build/obj/main.o

.debug_abbrev   0x0000000000000000     0x3d64
 .debug_abbrev  0x0000000000000000       0xdc build/obj/crt0.o
 .debug_abbrev  0x00000000000000dc       0xb1 build/obj/vectors.o
 .debug_abbrev  0x000000000000018d       0x44 build/obj/chcore.o
 .debug_abbrev  0x00000000000001d1      0x1d5 build/obj/chcore_v7m.o
 .debug_abbrev  0x00000000000003a6       0xf2 build/obj/nvic.o
 .debug_abbrev  0x0000000000000498      0x220 build/obj/chsys.o
 .debug_abbrev  0x00000000000006b8      0x15e build/obj/chvt.o
 .debug_abbrev  0x0000000000000816      0x340 build/obj/chschd.o
 .debug_abbrev  0x0000000000000b56      0x355 build/obj/chthreads.o
 .debug_abbrev  0x0000000000000eab      0x197 build/obj/chregistry.o
 .debug_abbrev  0x0000000000001042      0x332 build/obj/chmtx.o
 .debug_abbrev  0x0000000000001374      0x359 build/obj/chevents.o
 .debug_abbrev  0x00000000000016cd      0x33b build/obj/chqueues.o
 .debug_abbrev  0x0000000000001a08      0x16c build/obj/chmemcore.o
 .debug_abbrev  0x0000000000001b74      0x210 build/obj/chheap.o
 .debug_abbrev  0x0000000000001d84      0x1b4 build/obj/hal.o
 .debug_abbrev  0x0000000000001f38      0x21a build/obj/gpt.o
 .debug_abbrev  0x0000000000002152      0x2d5 build/obj/serial.o
 .debug_abbrev  0x0000000000002427      0x2ac build/obj/spi.o
 .debug_abbrev  0x00000000000026d3      0x19c build/obj/tm.o
 .debug_abbrev  0x000000000000286f      0x212 build/obj/stm32_dma.o
 .debug_abbrev  0x0000000000002a81      0x11b build/obj/hal_lld.o
 .debug_abbrev  0x0000000000002b9c      0x29d build/obj/gpt_lld.o
 .debug_abbrev  0x0000000000002e39      0x19a build/obj/pal_lld.o
 .debug_abbrev  0x0000000000002fd3      0x329 build/obj/spi_lld.o
 .debug_abbrev  0x00000000000032fc      0x36c build/obj/serial_lld.o
 .debug_abbrev  0x0000000000003668       0xe5 build/obj/board.o
 .debug_abbrev  0x000000000000374d      0x22a build/obj/spi_flash.o
 .debug_abbrev  0x0000000000003977      0x1d3 build/obj/chprintf.o
 .debug_abbrev  0x0000000000003b4a      0x21a build/obj/main.o

.debug_aranges  0x0000000000000000      0x8e0
 .debug_aranges
                0x0000000000000000       0x38 build/obj/crt0.o
 .debug_aranges
                0x0000000000000038       0x20 build/obj/vectors.o
 .debug_aranges
                0x0000000000000058       0x20 build/obj/chcore.o
 .debug_aranges
                0x0000000000000078       0x50 build/obj/chcore_v7m.o
 .debug_aranges
                0x00000000000000c8       0x30 build/obj/nvic.o
 .debug_aranges
                0x00000000000000f8       0x30 build/obj/chsys.o
 .debug_aranges
                0x0000000000000128       0x38 build/obj/chvt.o
 .debug_aranges
                0x0000000000000160       0x68 build/obj/chschd.o
 .debug_aranges
                0x00000000000001c8       0x78 build/obj/chthreads.o
 .debug_aranges
                0x0000000000000240       0x28 build/obj/chregistry.o
 .debug_aranges
                0x0000000000000268       0x58 build/obj/chmtx.o
 .debug_aranges
                0x00000000000002c0       0xa0 build/obj/chevents.o
 .debug_aranges
                0x0000000000000360       0x70 build/obj/chqueues.o
 .debug_aranges
                0x00000000000003d0       0x38 build/obj/chmemcore.o
 .debug_aranges
                0x0000000000000408       0x40 build/obj/chheap.o
 .debug_aranges
                0x0000000000000448       0x30 build/obj/hal.o
 .debug_aranges
                0x0000000000000478       0x78 build/obj/gpt.o
 .debug_aranges
                0x00000000000004f0       0x88 build/obj/serial.o
 .debug_aranges
                0x0000000000000578       0x98 build/obj/spi.o
 .debug_aranges
                0x0000000000000610       0x38 build/obj/tm.o
 .debug_aranges
                0x0000000000000648       0x68 build/obj/stm32_dma.o
 .debug_aranges
                0x00000000000006b0       0x28 build/obj/hal_lld.o
 .debug_aranges
                0x00000000000006d8       0x50 build/obj/gpt_lld.o
 .debug_aranges
                0x0000000000000728       0x28 build/obj/pal_lld.o
 .debug_aranges
                0x0000000000000750       0x78 build/obj/spi_lld.o
 .debug_aranges
                0x00000000000007c8       0x58 build/obj/serial_lld.o
 .debug_aranges
                0x0000000000000820       0x28 build/obj/board.o
 .debug_aranges
                0x0000000000000848       0x50 build/obj/spi_flash.o
 .debug_aranges
                0x0000000000000898       0x28 build/obj/chprintf.o
 .debug_aranges
                0x00000000000008c0       0x20 build/obj/main.o

.debug_ranges   0x0000000000000000      0xf60
 .debug_ranges  0x0000000000000000       0xe0 build/obj/crt0.o
 .debug_ranges  0x00000000000000e0       0x10 build/obj/vectors.o
 .debug_ranges  0x00000000000000f0       0x10 build/obj/chcore.o
 .debug_ranges  0x0000000000000100       0x58 build/obj/chcore_v7m.o
 .debug_ranges  0x0000000000000158       0x20 build/obj/nvic.o
 .debug_ranges  0x0000000000000178       0x20 build/obj/chsys.o
 .debug_ranges  0x0000000000000198       0x28 build/obj/chvt.o
 .debug_ranges  0x00000000000001c0      0x1c0 build/obj/chschd.o
 .debug_ranges  0x0000000000000380      0x118 build/obj/chthreads.o
 .debug_ranges  0x0000000000000498       0x30 build/obj/chregistry.o
 .debug_ranges  0x00000000000004c8      0x218 build/obj/chmtx.o
 .debug_ranges  0x00000000000006e0       0xf0 build/obj/chevents.o
 .debug_ranges  0x00000000000007d0       0xc0 build/obj/chqueues.o
 .debug_ranges  0x0000000000000890       0x28 build/obj/chmemcore.o
 .debug_ranges  0x00000000000008b8       0x30 build/obj/chheap.o
 .debug_ranges  0x00000000000008e8       0x50 build/obj/hal.o
 .debug_ranges  0x0000000000000938       0x98 build/obj/gpt.o
 .debug_ranges  0x00000000000009d0       0xa8 build/obj/serial.o
 .debug_ranges  0x0000000000000a78      0x130 build/obj/spi.o
 .debug_ranges  0x0000000000000ba8       0x70 build/obj/tm.o
 .debug_ranges  0x0000000000000c18       0x58 build/obj/stm32_dma.o
 .debug_ranges  0x0000000000000c70       0x38 build/obj/hal_lld.o
 .debug_ranges  0x0000000000000ca8       0x40 build/obj/gpt_lld.o
 .debug_ranges  0x0000000000000ce8      0x148 build/obj/pal_lld.o
 .debug_ranges  0x0000000000000e30       0x68 build/obj/spi_lld.o
 .debug_ranges  0x0000000000000e98       0x48 build/obj/serial_lld.o
 .debug_ranges  0x0000000000000ee0       0x18 build/obj/board.o
 .debug_ranges  0x0000000000000ef8       0x40 build/obj/spi_flash.o
 .debug_ranges  0x0000000000000f38       0x18 build/obj/chprintf.o
 .debug_ranges  0x0000000000000f50       0x10 build/obj/main.o

.debug_line     0x0000000000000000     0x4abb
 .debug_line    0x0000000000000000      0x161 build/obj/crt0.o
 .debug_line    0x0000000000000161       0xeb build/obj/vectors.o
 .debug_line    0x000000000000024c       0x4f build/obj/chcore.o
 .debug_line    0x000000000000029b      0x215 build/obj/chcore_v7m.o
 .debug_line    0x00000000000004b0      0x128 build/obj/nvic.o
 .debug_line    0x00000000000005d8      0x237 build/obj/chsys.o
 .debug_line    0x000000000000080f      0x17c build/obj/chvt.o
 .debug_line    0x000000000000098b      0x32d build/obj/chschd.o
 .debug_line    0x0000000000000cb8      0x393 build/obj/chthreads.o
 .debug_line    0x000000000000104b      0x20b build/obj/chregistry.o
 .debug_line    0x0000000000001256      0x358 build/obj/chmtx.o
 .debug_line    0x00000000000015ae      0x334 build/obj/chevents.o
 .debug_line    0x00000000000018e2      0x3c1 build/obj/chqueues.o
 .debug_line    0x0000000000001ca3      0x19a build/obj/chmemcore.o
 .debug_line    0x0000000000001e3d      0x2a5 build/obj/chheap.o
 .debug_line    0x00000000000020e2      0x259 build/obj/hal.o
 .debug_line    0x000000000000233b      0x22f build/obj/gpt.o
 .debug_line    0x000000000000256a      0x3a1 build/obj/serial.o
 .debug_line    0x000000000000290b      0x3e1 build/obj/spi.o
 .debug_line    0x0000000000002cec      0x1d7 build/obj/tm.o
 .debug_line    0x0000000000002ec3      0x2bf build/obj/stm32_dma.o
 .debug_line    0x0000000000003182      0x19d build/obj/hal_lld.o
 .debug_line    0x000000000000331f      0x281 build/obj/gpt_lld.o
 .debug_line    0x00000000000035a0      0x1f4 build/obj/pal_lld.o
 .debug_line    0x0000000000003794      0x421 build/obj/spi_lld.o
 .debug_line    0x0000000000003bb5      0x3c5 build/obj/serial_lld.o
 .debug_line    0x0000000000003f7a      0x175 build/obj/board.o
 .debug_line    0x00000000000040ef      0x3be build/obj/spi_flash.o
 .debug_line    0x00000000000044ad      0x2ff build/obj/chprintf.o
 .debug_line    0x00000000000047ac      0x30f build/obj/main.o

.debug_str      0x0000000000000000     0x20b5
 .debug_str     0x0000000000000000      0x1d0 build/obj/crt0.o
                                        0x204 (size before relaxing)
 .debug_str     0x00000000000001d0      0x141 build/obj/vectors.o
                                        0x22f (size before relaxing)
 .debug_str     0x0000000000000311       0x29 build/obj/chcore.o
                                        0x102 (size before relaxing)
 .debug_str     0x000000000000033a      0x2d5 build/obj/chcore_v7m.o
                                        0x3d7 (size before relaxing)
 .debug_str     0x000000000000060f       0x9a build/obj/nvic.o
                                        0x201 (size before relaxing)
 .debug_str     0x00000000000006a9      0x201 build/obj/chsys.o
                                        0x4af (size before relaxing)
 .debug_str     0x00000000000008aa       0x48 build/obj/chvt.o
                                        0x19e (size before relaxing)
 .debug_str     0x00000000000008f2       0xd1 build/obj/chschd.o
                                        0x3e4 (size before relaxing)
 .debug_str     0x00000000000009c3       0xcf build/obj/chthreads.o
                                        0x44f (size before relaxing)
 .debug_str     0x0000000000000a92       0x3e build/obj/chregistry.o
                                        0x3d2 (size before relaxing)
 .debug_str     0x0000000000000ad0       0x86 build/obj/chmtx.o
                                        0x369 (size before relaxing)
 .debug_str     0x0000000000000b56      0x1b5 build/obj/chevents.o
                                        0x48d (size before relaxing)
 .debug_str     0x0000000000000d0b      0x122 build/obj/chqueues.o
                                        0x3f4 (size before relaxing)
 .debug_str     0x0000000000000e2d       0x6c build/obj/chmemcore.o
                                        0x16d (size before relaxing)
 .debug_str     0x0000000000000e99       0xa9 build/obj/chheap.o
                                        0x34d (size before relaxing)
 .debug_str     0x0000000000000f42      0x164 build/obj/hal.o
                                        0x263 (size before relaxing)
 .debug_str     0x00000000000010a6      0x268 build/obj/gpt.o
                                        0x37d (size before relaxing)
 .debug_str     0x000000000000130e      0x183 build/obj/serial.o
                                        0x579 (size before relaxing)
 .debug_str     0x0000000000001491      0x2e1 build/obj/spi.o
                                        0x61d (size before relaxing)
 .debug_str     0x0000000000001772       0x63 build/obj/tm.o
                                        0x1be (size before relaxing)
 .debug_str     0x00000000000017d5      0x4d9 build/obj/stm32_dma.o
                                        0x695 (size before relaxing)
 .debug_str     0x0000000000001cae       0x97 build/obj/hal_lld.o
                                        0x258 (size before relaxing)
 .debug_str     0x0000000000001d45       0x4a build/obj/gpt_lld.o
                                        0x720 (size before relaxing)
 .debug_str     0x0000000000001d8f       0x73 build/obj/pal_lld.o
                                        0x2b5 (size before relaxing)
 .debug_str     0x0000000000001e02       0x93 build/obj/spi_lld.o
                                        0x659 (size before relaxing)
 .debug_str     0x0000000000001e95       0x72 build/obj/serial_lld.o
                                        0x92b (size before relaxing)
 .debug_str     0x0000000000001f07       0x18 build/obj/board.o
                                        0x1b6 (size before relaxing)
 .debug_str     0x0000000000001f1f       0xab build/obj/spi_flash.o
                                        0x588 (size before relaxing)
 .debug_str     0x0000000000001fca       0xd4 build/obj/chprintf.o
                                        0x1ec (size before relaxing)
 .debug_str     0x000000000000209e       0x17 build/obj/main.o
                                        0x559 (size before relaxing)

.comment        0x0000000000000000       0x11
 .comment       0x0000000000000000       0x11 build/obj/crt0.o
                                         0x12 (size before relaxing)
 .comment       0x0000000000000000       0x12 build/obj/vectors.o
 .comment       0x0000000000000000       0x12 build/obj/chcore.o
 .comment       0x0000000000000000       0x12 build/obj/chcore_v7m.o
 .comment       0x0000000000000000       0x12 build/obj/nvic.o
 .comment       0x0000000000000000       0x12 build/obj/chsys.o
 .comment       0x0000000000000000       0x12 build/obj/chvt.o
 .comment       0x0000000000000000       0x12 build/obj/chschd.o
 .comment       0x0000000000000000       0x12 build/obj/chthreads.o
 .comment       0x0000000000000000       0x12 build/obj/chregistry.o
 .comment       0x0000000000000000       0x12 build/obj/chmtx.o
 .comment       0x0000000000000000       0x12 build/obj/chevents.o
 .comment       0x0000000000000000       0x12 build/obj/chqueues.o
 .comment       0x0000000000000000       0x12 build/obj/chmemcore.o
 .comment       0x0000000000000000       0x12 build/obj/chheap.o
 .comment       0x0000000000000000       0x12 build/obj/hal.o
 .comment       0x0000000000000000       0x12 build/obj/gpt.o
 .comment       0x0000000000000000       0x12 build/obj/serial.o
 .comment       0x0000000000000000       0x12 build/obj/spi.o
 .comment       0x0000000000000000       0x12 build/obj/tm.o
 .comment       0x0000000000000000       0x12 build/obj/stm32_dma.o
 .comment       0x0000000000000000       0x12 build/obj/hal_lld.o
 .comment       0x0000000000000000       0x12 build/obj/gpt_lld.o
 .comment       0x0000000000000000       0x12 build/obj/pal_lld.o
 .comment       0x0000000000000000       0x12 build/obj/spi_lld.o
 .comment       0x0000000000000000       0x12 build/obj/serial_lld.o
 .comment       0x0000000000000000       0x12 build/obj/board.o
 .comment       0x0000000000000000       0x12 build/obj/spi_flash.o
 .comment       0x0000000000000000       0x12 build/obj/chprintf.o
 .comment       0x0000000000000000       0x12 build/obj/main.o

.ARM.attributes
                0x0000000000000000       0x33
 .ARM.attributes
                0x0000000000000000       0x33 build/obj/crt0.o
 .ARM.attributes
                0x0000000000000033       0x33 build/obj/vectors.o
 .ARM.attributes
                0x0000000000000066       0x33 build/obj/chcore.o
 .ARM.attributes
                0x0000000000000099       0x33 build/obj/chcore_v7m.o
 .ARM.attributes
                0x00000000000000cc       0x33 build/obj/nvic.o
 .ARM.attributes
                0x00000000000000ff       0x33 build/obj/chsys.o
 .ARM.attributes
                0x0000000000000132       0x33 build/obj/chvt.o
 .ARM.attributes
                0x0000000000000165       0x33 build/obj/chschd.o
 .ARM.attributes
                0x0000000000000198       0x33 build/obj/chthreads.o
 .ARM.attributes
                0x00000000000001cb       0x33 build/obj/chregistry.o
 .ARM.attributes
                0x00000000000001fe       0x33 build/obj/chmtx.o
 .ARM.attributes
                0x0000000000000231       0x33 build/obj/chevents.o
 .ARM.attributes
                0x0000000000000264       0x33 build/obj/chqueues.o
 .ARM.attributes
                0x0000000000000297       0x33 build/obj/chmemcore.o
 .ARM.attributes
                0x00000000000002ca       0x33 build/obj/chheap.o
 .ARM.attributes
                0x00000000000002fd       0x33 build/obj/hal.o
 .ARM.attributes
                0x0000000000000330       0x33 build/obj/gpt.o
 .ARM.attributes
                0x0000000000000363       0x33 build/obj/serial.o
 .ARM.attributes
                0x0000000000000396       0x33 build/obj/spi.o
 .ARM.attributes
                0x00000000000003c9       0x33 build/obj/tm.o
 .ARM.attributes
                0x00000000000003fc       0x33 build/obj/stm32_dma.o
 .ARM.attributes
                0x000000000000042f       0x33 build/obj/hal_lld.o
 .ARM.attributes
                0x0000000000000462       0x33 build/obj/gpt_lld.o
 .ARM.attributes
                0x0000000000000495       0x33 build/obj/pal_lld.o
 .ARM.attributes
                0x00000000000004c8       0x33 build/obj/spi_lld.o
 .ARM.attributes
                0x00000000000004fb       0x33 build/obj/serial_lld.o
 .ARM.attributes
                0x000000000000052e       0x33 build/obj/board.o
 .ARM.attributes
                0x0000000000000561       0x33 build/obj/spi_flash.o
 .ARM.attributes
                0x0000000000000594       0x33 build/obj/chprintf.o
 .ARM.attributes
                0x00000000000005c7       0x33 build/obj/main.o

.debug_frame    0x0000000000000000     0x14e4
 .debug_frame   0x0000000000000000       0x50 build/obj/crt0.o
 .debug_frame   0x0000000000000050       0x20 build/obj/vectors.o
 .debug_frame   0x0000000000000070       0x20 build/obj/chcore.o
 .debug_frame   0x0000000000000090       0x98 build/obj/chcore_v7m.o
 .debug_frame   0x0000000000000128       0x5c build/obj/nvic.o
 .debug_frame   0x0000000000000184       0x5c build/obj/chsys.o
 .debug_frame   0x00000000000001e0       0x5c build/obj/chvt.o
 .debug_frame   0x000000000000023c       0xf0 build/obj/chschd.o
 .debug_frame   0x000000000000032c      0x160 build/obj/chthreads.o
 .debug_frame   0x000000000000048c       0x3c build/obj/chregistry.o
 .debug_frame   0x00000000000004c8       0xe4 build/obj/chmtx.o
 .debug_frame   0x00000000000005ac      0x1e0 build/obj/chevents.o
 .debug_frame   0x000000000000078c      0x170 build/obj/chqueues.o
 .debug_frame   0x00000000000008fc       0x50 build/obj/chmemcore.o
 .debug_frame   0x000000000000094c       0x98 build/obj/chheap.o
 .debug_frame   0x00000000000009e4       0x54 build/obj/hal.o
 .debug_frame   0x0000000000000a38      0x118 build/obj/gpt.o
 .debug_frame   0x0000000000000b50      0x13c build/obj/serial.o
 .debug_frame   0x0000000000000c8c      0x1a8 build/obj/spi.o
 .debug_frame   0x0000000000000e34       0x5c build/obj/tm.o
 .debug_frame   0x0000000000000e90      0x134 build/obj/stm32_dma.o
 .debug_frame   0x0000000000000fc4       0x38 build/obj/hal_lld.o
 .debug_frame   0x0000000000000ffc       0xa4 build/obj/gpt_lld.o
 .debug_frame   0x00000000000010a0       0x58 build/obj/pal_lld.o
 .debug_frame   0x00000000000010f8      0x13c build/obj/spi_lld.o
 .debug_frame   0x0000000000001234       0xe0 build/obj/serial_lld.o
 .debug_frame   0x0000000000001314       0x30 build/obj/board.o
 .debug_frame   0x0000000000001344      0x104 build/obj/spi_flash.o
 .debug_frame   0x0000000000001448       0x70 build/obj/chprintf.o
 .debug_frame   0x00000000000014b8       0x2c build/obj/main.o

.debug_loc      0x0000000000000000     0x51ae
 .debug_loc     0x0000000000000000      0x10c build/obj/chcore_v7m.o
 .debug_loc     0x000000000000010c      0x1c9 build/obj/nvic.o
 .debug_loc     0x00000000000002d5       0xb6 build/obj/chsys.o
 .debug_loc     0x000000000000038b       0xc1 build/obj/chvt.o
 .debug_loc     0x000000000000044c      0x327 build/obj/chschd.o
 .debug_loc     0x0000000000000773      0x519 build/obj/chthreads.o
 .debug_loc     0x0000000000000c8c       0xb7 build/obj/chregistry.o
 .debug_loc     0x0000000000000d43      0x48a build/obj/chmtx.o
 .debug_loc     0x00000000000011cd      0x8d6 build/obj/chevents.o
 .debug_loc     0x0000000000001aa3      0x8c6 build/obj/chqueues.o
 .debug_loc     0x0000000000002369      0x114 build/obj/chmemcore.o
 .debug_loc     0x000000000000247d      0x370 build/obj/chheap.o
 .debug_loc     0x00000000000027ed       0x98 build/obj/hal.o
 .debug_loc     0x0000000000002885      0x3ab build/obj/gpt.o
 .debug_loc     0x0000000000002c30      0x587 build/obj/serial.o
 .debug_loc     0x00000000000031b7      0x793 build/obj/spi.o
 .debug_loc     0x000000000000394a       0x99 build/obj/tm.o
 .debug_loc     0x00000000000039e3      0x340 build/obj/stm32_dma.o
 .debug_loc     0x0000000000003d23       0x20 build/obj/hal_lld.o
 .debug_loc     0x0000000000003d43      0x15c build/obj/gpt_lld.o
 .debug_loc     0x0000000000003e9f      0x139 build/obj/pal_lld.o
 .debug_loc     0x0000000000003fd8      0x3a4 build/obj/spi_lld.o
 .debug_loc     0x000000000000437c      0x3a8 build/obj/serial_lld.o
 .debug_loc     0x0000000000004724      0x2db build/obj/spi_flash.o
 .debug_loc     0x00000000000049ff      0x78f build/obj/chprintf.o
 .debug_loc     0x000000000000518e       0x20 build/obj/main.o

Cross Reference Table

Symbol                                            File
BusFaultVector                                    build/obj/vectors.o
Cb8x8                                             build/obj/jpegenc.o
Cr8x8                                             build/obj/jpegenc.o
DebugMonitorVector                                build/obj/vectors.o
GPTD3                                             build/obj/gpt_lld.o
                                                  build/obj/camera_iface.o
HardFaultVector                                   build/obj/vectors.o
MemManageVector                                   build/obj/vectors.o
NMIVector                                         build/obj/vectors.o
PendSVVector                                      build/obj/vectors.o
ResetHandler                                      build/obj/crt0.o
                                                  build/obj/vectors.o
SD1                                               build/obj/serial_lld.o
                                                  build/obj/main.o
SD3                                               build/obj/serial_lld.o
                                                  build/obj/main.o
                                                  build/obj/camera_iface.o
                                                  build/obj/uart_iface.o
SPID1                                             build/obj/spi_lld.o
                                                  build/obj/spi_flash.o
SVCallVector                                      build/obj/chcore_v7m.o
                                                  build/obj/vectors.o
SysTickVector                                     build/obj/chcore_v7m.o
                                                  build/obj/vectors.o
UART_Thread                                       build/obj/uart_iface.o
UsageFaultVector                                  build/obj/vectors.o
Vector1C                                          build/obj/vectors.o
Vector20                                          build/obj/vectors.o
Vector24                                          build/obj/vectors.o
Vector28                                          build/obj/vectors.o
Vector34                                          build/obj/vectors.o
Vector40                                          build/obj/vectors.o
Vector44                                          build/obj/vectors.o
Vector48                                          build/obj/vectors.o
Vector4C                                          build/obj/vectors.o
Vector50                                          build/obj/vectors.o
Vector54                                          build/obj/vectors.o
Vector58                                          build/obj/vectors.o
Vector5C                                          build/obj/vectors.o
Vector60                                          build/obj/vectors.o
Vector64                                          build/obj/vectors.o
Vector68                                          build/obj/vectors.o
Vector6C                                          build/obj/stm32_dma.o
                                                  build/obj/vectors.o
Vector70                                          build/obj/stm32_dma.o
                                                  build/obj/vectors.o
Vector74                                          build/obj/stm32_dma.o
                                                  build/obj/vectors.o
Vector78                                          build/obj/stm32_dma.o
                                                  build/obj/vectors.o
Vector7C                                          build/obj/stm32_dma.o
                                                  build/obj/vectors.o
Vector80                                          build/obj/stm32_dma.o
                                                  build/obj/vectors.o
Vector84                                          build/obj/stm32_dma.o
                                                  build/obj/vectors.o
Vector88                                          build/obj/vectors.o
Vector8C                                          build/obj/vectors.o
Vector90                                          build/obj/vectors.o
Vector94                                          build/obj/vectors.o
Vector98                                          build/obj/vectors.o
Vector9C                                          build/obj/vectors.o
VectorA0                                          build/obj/vectors.o
VectorA4                                          build/obj/vectors.o
VectorA8                                          build/obj/vectors.o
VectorAC                                          build/obj/vectors.o
VectorB0                                          build/obj/vectors.o
VectorB4                                          build/obj/gpt_lld.o
                                                  build/obj/vectors.o
VectorB8                                          build/obj/vectors.o
VectorBC                                          build/obj/vectors.o
VectorC0                                          build/obj/vectors.o
VectorC4                                          build/obj/vectors.o
VectorC8                                          build/obj/vectors.o
VectorCC                                          build/obj/vectors.o
VectorD0                                          build/obj/vectors.o
VectorD4                                          build/obj/serial_lld.o
                                                  build/obj/vectors.o
VectorD8                                          build/obj/vectors.o
VectorDC                                          build/obj/serial_lld.o
                                                  build/obj/vectors.o
VectorE0                                          build/obj/vectors.o
VectorE4                                          build/obj/vectors.o
VectorE8                                          build/obj/vectors.o
VectorEC                                          build/obj/vectors.o
VectorF0                                          build/obj/vectors.o
Y8x8                                              build/obj/jpegenc.o
__early_init                                      build/obj/board.o
                                                  build/obj/crt0.o
__fini_array_end                                  build/obj/crt0.o
__fini_array_start                                build/obj/crt0.o
__heap_base__                                     build/obj/chmemcore.o
__heap_end__                                      build/obj/chmemcore.o
__init_array_end                                  build/obj/crt0.o
__init_array_start                                build/obj/crt0.o
__late_init                                       build/obj/crt0.o
__main_stack_base__                               build/obj/crt0.o
__main_stack_end__                                build/obj/vectors.o
                                                  build/obj/crt0.o
__process_stack_base__                            build/obj/crt0.o
__process_stack_end__                             build/obj/crt0.o
_bss_end                                          build/obj/crt0.o
_bss_start                                        build/obj/crt0.o
_core_init                                        build/obj/chmemcore.o
                                                  build/obj/chsys.o
_data                                             build/obj/crt0.o
_default_exit                                     build/obj/crt0.o
_edata                                            build/obj/crt0.o
_heap_init                                        build/obj/chheap.o
                                                  build/obj/chsys.o
_idle_thread                                      build/obj/chsys.o
_idle_thread_wa                                   build/obj/chsys.o
_pal_lld_init                                     build/obj/pal_lld.o
                                                  build/obj/hal.o
_pal_lld_setgroupmode                             build/obj/pal_lld.o
                                                  build/obj/main.o
                                                  build/obj/camera_iface.o
                                                  build/obj/spi_flash.o
                                                  build/obj/pal.o
_port_init                                        build/obj/chcore_v7m.o
                                                  build/obj/chsys.o
_port_irq_epilogue                                build/obj/chcore_v7m.o
                                                  build/obj/serial_lld.o
                                                  build/obj/gpt_lld.o
                                                  build/obj/stm32_dma.o
_port_switch                                      build/obj/chcore_v7m.o
                                                  build/obj/chschd.o
_port_switch_from_isr                             build/obj/chcore_v7m.o
_port_thread_start                                build/obj/chcore_v7m.o
                                                  build/obj/chthreads.o
_scheduler_init                                   build/obj/chschd.o
                                                  build/obj/chsys.o
_stm32_dma_streams                                build/obj/stm32_dma.o
                                                  build/obj/spi_lld.o
_textdata                                         build/obj/crt0.o
_thread_init                                      build/obj/chthreads.o
                                                  build/obj/chsys.o
_unhandled_exception                              build/obj/vectors.o
_vectors                                          build/obj/vectors.o
_vt_init                                          build/obj/chvt.o
                                                  build/obj/chsys.o
boardInit                                         build/obj/board.o
                                                  build/obj/hal.o
cameraControlThread                               build/obj/camera_iface.o
chCondBroadcast                                   build/obj/chcond.o
chCondBroadcastI                                  build/obj/chcond.o
chCondInit                                        build/obj/chcond.o
chCondSignal                                      build/obj/chcond.o
chCondSignalI                                     build/obj/chcond.o
chCondWait                                        build/obj/chcond.o
chCondWaitS                                       build/obj/chcond.o
chCondWaitTimeout                                 build/obj/chcond.o
chCondWaitTimeoutS                                build/obj/chcond.o
chCoreAlloc                                       build/obj/chmemcore.o
                                                  build/obj/chheap.o
chCoreAllocI                                      build/obj/chmemcore.o
chCoreStatus                                      build/obj/chmemcore.o
chEvtAddEvents                                    build/obj/chevents.o
chEvtBroadcastFlags                               build/obj/chevents.o
chEvtBroadcastFlagsI                              build/obj/chevents.o
                                                  build/obj/serial_lld.o
                                                  build/obj/serial.o
chEvtClearFlags                                   build/obj/uart_iface.o
chEvtDispatch                                     build/obj/chevents.o
chEvtGetAndClearEvents                            build/obj/chevents.o
chEvtGetAndClearFlags                             build/obj/chevents.o
chEvtGetAndClearFlagsI                            build/obj/chevents.o
chEvtRegisterMask                                 build/obj/chevents.o
                                                  build/obj/uart_iface.o
chEvtSignal                                       build/obj/chevents.o
chEvtSignalI                                      build/obj/chevents.o
chEvtUnregister                                   build/obj/chevents.o
chEvtWaitAll                                      build/obj/chevents.o
chEvtWaitAllTimeout                               build/obj/chevents.o
chEvtWaitAny                                      build/obj/chevents.o
chEvtWaitAnyTimeout                               build/obj/chevents.o
chEvtWaitOne                                      build/obj/chevents.o
                                                  build/obj/uart_iface.o
chEvtWaitOneTimeout                               build/obj/chevents.o
chHeapAlloc                                       build/obj/chheap.o
                                                  build/obj/chdynamic.o
chHeapFree                                        build/obj/chheap.o
                                                  build/obj/chdynamic.o
chHeapInit                                        build/obj/chheap.o
chHeapStatus                                      build/obj/chheap.o
chIQGetTimeout                                    build/obj/chqueues.o
                                                  build/obj/serial.o
chIQInit                                          build/obj/chqueues.o
                                                  build/obj/serial.o
chIQPutI                                          build/obj/chqueues.o
                                                  build/obj/serial.o
chIQReadTimeout                                   build/obj/chqueues.o
                                                  build/obj/uart_iface.o
                                                  build/obj/serial.o
chIQResetI                                        build/obj/chqueues.o
                                                  build/obj/serial.o
chMBFetch                                         build/obj/chmboxes.o
chMBFetchI                                        build/obj/chmboxes.o
chMBFetchS                                        build/obj/chmboxes.o
chMBInit                                          build/obj/chmboxes.o
chMBPost                                          build/obj/chmboxes.o
chMBPostAhead                                     build/obj/chmboxes.o
chMBPostAheadI                                    build/obj/chmboxes.o
chMBPostAheadS                                    build/obj/chmboxes.o
chMBPostI                                         build/obj/chmboxes.o
chMBPostS                                         build/obj/chmboxes.o
chMBReset                                         build/obj/chmboxes.o
chMsgRelease                                      build/obj/chmsg.o
chMsgSend                                         build/obj/chmsg.o
chMsgWait                                         build/obj/chmsg.o
chMtxInit                                         build/obj/chmtx.o
                                                  build/obj/spi.o
                                                  build/obj/chheap.o
chMtxLock                                         build/obj/chmtx.o
                                                  build/obj/spi.o
                                                  build/obj/chheap.o
chMtxLockS                                        build/obj/chmtx.o
                                                  build/obj/chcond.o
chMtxTryLock                                      build/obj/chmtx.o
chMtxTryLockS                                     build/obj/chmtx.o
chMtxUnlock                                       build/obj/chmtx.o
                                                  build/obj/spi.o
                                                  build/obj/chheap.o
chMtxUnlockAll                                    build/obj/chmtx.o
chMtxUnlockS                                      build/obj/chmtx.o
                                                  build/obj/chcond.o
chOQGetI                                          build/obj/chqueues.o
                                                  build/obj/serial_lld.o
                                                  build/obj/serial.o
chOQInit                                          build/obj/chqueues.o
                                                  build/obj/serial.o
chOQPutTimeout                                    build/obj/chqueues.o
                                                  build/obj/serial.o
chOQResetI                                        build/obj/chqueues.o
                                                  build/obj/serial.o
chOQWriteTimeout                                  build/obj/chqueues.o
                                                  build/obj/camera_iface.o
                                                  build/obj/uart_iface.o
                                                  build/obj/serial.o
chPoolAlloc                                       build/obj/chmempools.o
                                                  build/obj/chdynamic.o
chPoolAllocI                                      build/obj/chmempools.o
chPoolFree                                        build/obj/chmempools.o
                                                  build/obj/chdynamic.o
chPoolFreeI                                       build/obj/chmempools.o
chPoolInit                                        build/obj/chmempools.o
chPoolLoadArray                                   build/obj/chmempools.o
chRegFirstThread                                  build/obj/chregistry.o
chRegNextThread                                   build/obj/chregistry.o
chSchDoReschedule                                 build/obj/chschd.o
                                                  build/obj/chcore_v7m.o
chSchDoRescheduleAhead                            build/obj/chschd.o
chSchDoRescheduleBehind                           build/obj/chschd.o
                                                  build/obj/chthreads.o
chSchGoSleepS                                     build/obj/chschd.o
                                                  build/obj/spi.o
                                                  build/obj/chmsg.o
                                                  build/obj/chevents.o
                                                  build/obj/chcond.o
                                                  build/obj/chmtx.o
                                                  build/obj/chsem.o
                                                  build/obj/chthreads.o
chSchGoSleepTimeoutS                              build/obj/chschd.o
                                                  build/obj/chqueues.o
                                                  build/obj/chevents.o
                                                  build/obj/chcond.o
                                                  build/obj/chsem.o
                                                  build/obj/chthreads.o
chSchReadyI                                       build/obj/chschd.o
                                                  build/obj/spi_lld.o
                                                  build/obj/chqueues.o
                                                  build/obj/chmsg.o
                                                  build/obj/chevents.o
                                                  build/obj/chcond.o
                                                  build/obj/chmtx.o
                                                  build/obj/chsem.o
                                                  build/obj/chthreads.o
chSchRescheduleS                                  build/obj/chschd.o
                                                  build/obj/serial.o
                                                  build/obj/chmboxes.o
                                                  build/obj/chevents.o
                                                  build/obj/chcond.o
                                                  build/obj/chmtx.o
                                                  build/obj/chsem.o
                                                  build/obj/chthreads.o
chSchWakeupS                                      build/obj/chschd.o
                                                  build/obj/chmsg.o
                                                  build/obj/chcond.o
                                                  build/obj/chmtx.o
                                                  build/obj/chsem.o
                                                  build/obj/chdynamic.o
                                                  build/obj/chthreads.o
chSemAddCounterI                                  build/obj/chsem.o
chSemInit                                         build/obj/chsem.o
                                                  build/obj/chmboxes.o
chSemReset                                        build/obj/chsem.o
chSemResetI                                       build/obj/chsem.o
                                                  build/obj/chmboxes.o
chSemSignal                                       build/obj/chsem.o
chSemSignalI                                      build/obj/chsem.o
                                                  build/obj/chmboxes.o
chSemSignalWait                                   build/obj/chsem.o
chSemWait                                         build/obj/chsem.o
chSemWaitS                                        build/obj/chsem.o
chSemWaitTimeout                                  build/obj/chsem.o
chSemWaitTimeoutS                                 build/obj/chsem.o
                                                  build/obj/chmboxes.o
chSysInit                                         build/obj/chsys.o
                                                  build/obj/main.o
chSysTimerHandlerI                                build/obj/chsys.o
                                                  build/obj/chcore_v7m.o
chThdAddRef                                       build/obj/chdynamic.o
chThdCreateFromHeap                               build/obj/chdynamic.o
chThdCreateFromMemoryPool                         build/obj/chdynamic.o
chThdCreateI                                      build/obj/chthreads.o
                                                  build/obj/chdynamic.o
chThdCreateStatic                                 build/obj/chthreads.o
                                                  build/obj/chsys.o
chThdExit                                         build/obj/chthreads.o
                                                  build/obj/chcore_v7m.o
chThdExitS                                        build/obj/chthreads.o
chThdRelease                                      build/obj/chdynamic.o
                                                  build/obj/chregistry.o
                                                  build/obj/chthreads.o
chThdResume                                       build/obj/chthreads.o
chThdSetPriority                                  build/obj/chthreads.o
                                                  build/obj/main.o
chThdSleep                                        build/obj/chthreads.o
                                                  build/obj/main.o
                                                  build/obj/spi_flash.o
chThdSleepUntil                                   build/obj/chthreads.o
chThdTerminate                                    build/obj/chthreads.o
chThdWait                                         build/obj/chthreads.o
chThdYield                                        build/obj/chthreads.o
chTimeIsWithin                                    build/obj/chvt.o
chVTResetI                                        build/obj/chvt.o
                                                  build/obj/chschd.o
chVTSetI                                          build/obj/chvt.o
                                                  build/obj/chschd.o
ch_debug                                          build/obj/chregistry.o
                                                  build/obj/chsys.o
checkCameraSanity                                 build/obj/camera_iface.o
chprintf                                          build/obj/chprintf.o
                                                  build/obj/main.o
                                                  build/obj/camera_iface.o
configureCam                                      build/obj/camera_iface.o
configureSPIFlash                                 build/obj/spi_flash.o
                                                  build/obj/main.o
dct                                               build/obj/dct.o
                                                  build/obj/jpegenc.o
dmaInit                                           build/obj/stm32_dma.o
                                                  build/obj/hal_lld.o
dmaStreamAllocate                                 build/obj/stm32_dma.o
                                                  build/obj/spi_lld.o
dmaStreamRelease                                  build/obj/stm32_dma.o
                                                  build/obj/spi_lld.o
embed_vt_watermark                                build/obj/jpegenc.o
encode_line_yuv                                   build/obj/jpegenc.o
fifoGrabBytes                                     build/obj/camera_iface.o
file_addr_ptr                                     build/obj/encoder.o
flashReadByte                                     build/obj/spi_flash.o
flashReadBytes                                    build/obj/spi_flash.o
flashWriteByte                                    build/obj/spi_flash.o
flashWriteBytes                                   build/obj/spi_flash.o
                                                  build/obj/encoder.o
gptChangeInterval                                 build/obj/gpt.o
gptInit                                           build/obj/gpt.o
                                                  build/obj/hal.o
gptObjectInit                                     build/obj/gpt.o
                                                  build/obj/gpt_lld.o
gptPolledDelay                                    build/obj/gpt.o
                                                  build/obj/camera_iface.o
gptStart                                          build/obj/gpt.o
                                                  build/obj/camera_iface.o
gptStartContinuous                                build/obj/gpt.o
gptStartContinuousI                               build/obj/gpt.o
gptStartOneShot                                   build/obj/gpt.o
gptStartOneShotI                                  build/obj/gpt.o
gptStop                                           build/obj/gpt.o
gptStopTimer                                      build/obj/gpt.o
gptStopTimerI                                     build/obj/gpt.o
gpt_lld_init                                      build/obj/gpt_lld.o
                                                  build/obj/gpt.o
gpt_lld_polled_delay                              build/obj/gpt_lld.o
                                                  build/obj/gpt.o
gpt_lld_start                                     build/obj/gpt_lld.o
                                                  build/obj/gpt.o
gpt_lld_start_timer                               build/obj/gpt_lld.o
                                                  build/obj/gpt.o
gpt_lld_stop                                      build/obj/gpt_lld.o
                                                  build/obj/gpt.o
gpt_lld_stop_timer                                build/obj/gpt_lld.o
                                                  build/obj/gpt.o
halInit                                           build/obj/hal.o
                                                  build/obj/main.o
halIsCounterWithin                                build/obj/hal.o
halPolledDelay                                    build/obj/hal.o
hal_lld_init                                      build/obj/hal_lld.o
                                                  build/obj/hal.o
huffman_ctx                                       build/obj/jpegenc.o
huffman_encode                                    build/obj/jpegenc.o
huffman_resetdc                                   build/obj/jpegenc.o
                                                  build/obj/encoder.o
huffman_start                                     build/obj/jpegenc.o
huffman_stop                                      build/obj/jpegenc.o
                                                  build/obj/encoder.o
jpeg_close                                        build/obj/encoder.o
jpeg_init                                         build/obj/encoder.o
main                                              build/obj/main.o
                                                  build/obj/crt0.o
nvicDisableVector                                 build/obj/nvic.o
                                                  build/obj/serial_lld.o
                                                  build/obj/gpt_lld.o
                                                  build/obj/stm32_dma.o
nvicEnableVector                                  build/obj/nvic.o
                                                  build/obj/serial_lld.o
                                                  build/obj/gpt_lld.o
                                                  build/obj/stm32_dma.o
nvicSetSystemHandlerPriority                      build/obj/nvic.o
                                                  build/obj/chcore_v7m.o
palReadBus                                        build/obj/pal.o
palSetBusMode                                     build/obj/pal.o
palWriteBus                                       build/obj/pal.o
pal_default_config                                build/obj/board.o
                                                  build/obj/hal.o
port_halt                                         build/obj/chcore.o
                                                  build/obj/spi_lld.o
powerdownCam                                      build/obj/camera_iface.o
rlist                                             build/obj/chschd.o
                                                  build/obj/spi.o
                                                  build/obj/chqueues.o
                                                  build/obj/chmsg.o
                                                  build/obj/chevents.o
                                                  build/obj/chcond.o
                                                  build/obj/chmtx.o
                                                  build/obj/chsem.o
                                                  build/obj/chregistry.o
                                                  build/obj/chthreads.o
                                                  build/obj/chsys.o
                                                  build/obj/chcore_v7m.o
sdIncomingDataI                                   build/obj/serial.o
                                                  build/obj/serial_lld.o
sdInit                                            build/obj/serial.o
                                                  build/obj/hal.o
sdObjectInit                                      build/obj/serial.o
                                                  build/obj/serial_lld.o
sdRequestDataI                                    build/obj/serial.o
sdStart                                           build/obj/serial.o
                                                  build/obj/main.o
sdStop                                            build/obj/serial.o
sd_lld_init                                       build/obj/serial_lld.o
                                                  build/obj/serial.o
sd_lld_start                                      build/obj/serial_lld.o
                                                  build/obj/serial.o
sd_lld_stop                                       build/obj/serial_lld.o
                                                  build/obj/serial.o
setupCamPort                                      build/obj/camera_iface.o
setupSCCB                                         build/obj/camera_iface.o
setupSegment                                      build/obj/camera_iface.o
spiAcquireBus                                     build/obj/spi.o
                                                  build/obj/spi_flash.o
spiExchange                                       build/obj/spi.o
spiIgnore                                         build/obj/spi.o
spiInit                                           build/obj/spi.o
                                                  build/obj/hal.o
spiObjectInit                                     build/obj/spi.o
                                                  build/obj/spi_lld.o
spiReceive                                        build/obj/spi.o
                                                  build/obj/spi_flash.o
spiReleaseBus                                     build/obj/spi.o
                                                  build/obj/spi_flash.o
spiSelect                                         build/obj/spi.o
                                                  build/obj/spi_flash.o
spiSend                                           build/obj/spi.o
                                                  build/obj/spi_flash.o
spiStart                                          build/obj/spi.o
                                                  build/obj/spi_flash.o
spiStartExchange                                  build/obj/spi.o
spiStartIgnore                                    build/obj/spi.o
spiStartReceive                                   build/obj/spi.o
spiStartSend                                      build/obj/spi.o
spiStop                                           build/obj/spi.o
spiUnselect                                       build/obj/spi.o
                                                  build/obj/spi_flash.o
spi_lld_exchange                                  build/obj/spi_lld.o
                                                  build/obj/spi.o
spi_lld_ignore                                    build/obj/spi_lld.o
                                                  build/obj/spi.o
spi_lld_init                                      build/obj/spi_lld.o
                                                  build/obj/spi.o
spi_lld_polled_exchange                           build/obj/spi_lld.o
spi_lld_receive                                   build/obj/spi_lld.o
                                                  build/obj/spi.o
spi_lld_select                                    build/obj/spi_lld.o
                                                  build/obj/spi.o
spi_lld_send                                      build/obj/spi_lld.o
                                                  build/obj/spi.o
spi_lld_start                                     build/obj/spi_lld.o
                                                  build/obj/spi.o
spi_lld_stop                                      build/obj/spi_lld.o
                                                  build/obj/spi.o
spi_lld_unselect                                  build/obj/spi_lld.o
                                                  build/obj/spi.o
stm32_clock_init                                  build/obj/hal_lld.o
                                                  build/obj/board.o
tmInit                                            build/obj/tm.o
                                                  build/obj/hal.o
tmObjectInit                                      build/obj/tm.o
vtlist                                            build/obj/chvt.o
                                                  build/obj/chthreads.o
                                                  build/obj/chsys.o
waCamera_Thread                                   build/obj/main.o
wakeupCam                                         build/obj/camera_iface.o
write_RSI                                         build/obj/jpegenc.o
write_jpeg                                        build/obj/encoder.o
                                                  build/obj/jpegenc.o
